	Command being timed: "timeout 900 /tmp/revault-parallel-20261010/balanced-bin/archive_evaluation extract-zip /home/bsutton/.cache/revault-protected-20261011/source-bundle-raw-encrypted /home/bsutton/.cache/revault-protected-20261011/source-bundle-raw-encrypted/extract-output/protected-v2/sample-00-zip-attempt02"
	User time (seconds): 0.00
	System time (seconds): 0.02
	Percent of CPU this job got: 96%
	Elapsed (wall clock) time (h:mm:ss or m:ss): 0:00.02
	Average shared text size (kbytes): 0
	Average unshared data size (kbytes): 0
	Average stack size (kbytes): 0
	Average total size (kbytes): 0
	Maximum resident set size (kbytes): 8020
	Average resident set size (kbytes): 0
	Major (requiring I/O) page faults: 0
	Minor (reclaiming a frame) page faults: 717
	Voluntary context switches: 6
	Involuntary context switches: 0
	Swaps: 0
	File system inputs: 6296
	File system outputs: 28016
	Socket messages sent: 0
	Socket messages received: 0
	Signals delivered: 0
	Page size (bytes): 4096
	Exit status: 0
	Command being timed: "timeout 930 taskset -c 0,1,2,3,4 /usr/bin/time -v timeout 900 /tmp/revault-parallel-20261010/balanced-bin/archive_evaluation extract-zip /home/bsutton/.cache/revault-protected-20261011/source-bundle-raw-encrypted /home/bsutton/.cache/revault-protected-20261011/source-bundle-raw-encrypted/extract-output/protected-v2/sample-00-zip-attempt02"
	User time (seconds): 0.00
	System time (seconds): 0.03
	Percent of CPU this job got: 96%
	Elapsed (wall clock) time (h:mm:ss or m:ss): 0:00.03
	Average shared text size (kbytes): 0
	Average unshared data size (kbytes): 0
	Average stack size (kbytes): 0
	Average total size (kbytes): 0
	Maximum resident set size (kbytes): 8020
	Average resident set size (kbytes): 0
	Major (requiring I/O) page faults: 0
	Minor (reclaiming a frame) page faults: 1413
	Voluntary context switches: 11
	Involuntary context switches: 1
	Swaps: 0
	File system inputs: 6296
	File system outputs: 28016
	Socket messages sent: 0
	Socket messages received: 0
	Signals delivered: 0
	Page size (bytes): 4096
	Exit status: 0
