    Finished `release` profile [optimized] target(s) in 0.11s
     Running unittests src/lib.rs (target/release/deps/revault_lockbox_api-5338344f5af7f73d)

running 1 test
TYPED_OPEN_READS mode=0 previous=12 single=11
TYPED_OPEN_READS mode=1 previous=12 single=11
TYPED_OPEN_READS mode=2 previous=13 single=12
TYPED_OPEN_READS mode=3 previous=12 single=11
TYPED_OPEN_READS mode=4 previous=12 single=11
TYPED_OPEN_READS mode=5 previous=12 single=11
TYPED_OPEN_READS mode=6 previous=13 single=12
TYPED_OPEN_READS mode=7 previous=12 single=11
TYPED_OPEN_READS mode=8 previous=10 single=9
TYPED_OPEN_READS mode=9 previous=10 single=9
TYPED_OPEN_READS mode=10 previous=11 single=10
TYPED_OPEN_READS mode=11 previous=10 single=9
TYPED_OPEN_READS mode=12 previous=10 single=9
TYPED_OPEN_READS mode=13 previous=10 single=9
TYPED_OPEN_READS mode=14 previous=11 single=10
TYPED_OPEN_READS mode=15 previous=10 single=9
test file_format::candidate_files::tests::tree_tests::open_reads::typed_tree_single_traversal_preserves_complete_open_all_modes ... ok

test result: ok. 1 passed; 0 failed; 0 ignored; 0 measured; 588 filtered out; finished in 0.52s

