    Finished `release` profile [optimized] target(s) in 0.09s
     Running unittests src/lib.rs (target/release/deps/revault_lockbox_api-5338344f5af7f73d)

running 1 test
test file_format::candidate_files::tests::tree_tests::variables::typed_tree_variables_selected_ownership_corruption_and_salvage_all_modes ... TYPED_VARIABLE_REGION_LOSS mode=263 unavailable=2 retained=0
TYPED_VARIABLE_REGION_LOSS mode=262 unavailable=2 retained=0
TYPED_VARIABLE_REGION_LOSS mode=261 unavailable=2 retained=0
TYPED_VARIABLE_REGION_LOSS mode=260 unavailable=2 retained=0
TYPED_VARIABLE_REGION_LOSS mode=283 unavailable=2 retained=0
TYPED_VARIABLE_REGION_LOSS mode=282 unavailable=2 retained=0
TYPED_VARIABLE_REGION_LOSS mode=281 unavailable=2 retained=0
TYPED_VARIABLE_REGION_LOSS mode=280 unavailable=2 retained=0
TYPED_VARIABLE_REGION_LOSS mode=7 unavailable=1 retained=1
TYPED_VARIABLE_REGION_LOSS mode=6 unavailable=1 retained=1
TYPED_VARIABLE_REGION_LOSS mode=5 unavailable=1 retained=1
TYPED_VARIABLE_REGION_LOSS mode=4 unavailable=1 retained=1
TYPED_VARIABLE_REGION_LOSS mode=27 unavailable=1 retained=1
TYPED_VARIABLE_REGION_LOSS mode=26 unavailable=1 retained=1
TYPED_VARIABLE_REGION_LOSS mode=25 unavailable=1 retained=1
TYPED_VARIABLE_REGION_LOSS mode=24 unavailable=1 retained=1
ok

test result: ok. 1 passed; 0 failed; 0 ignored; 0 measured; 588 filtered out; finished in 5.77s

