
running 1 test
test file_format::authenticated_index::tests::authenticated_index_resource_observation ... {"bytes_read":354030779,"encrypted":true,"entries":100000,"file_bytes":751203332,"live_node_bytes":81399538,"operation":"incremental_build","peak_rss_kib":3812,"reads":1549756,"retired_node_bytes":669787410,"system_s":32.558471,"user_s":9.983469,"wall_s":42.565231474}
{"bytes_appended":8206,"bytes_read":4103,"encrypted":true,"nodes_created":18,"operation":"replace","peak_rss_kib":3812,"reads":18,"sample":0,"system_s":0.0006430000000037239,"user_s":0.0,"wall_s":0.000641564}
{"bytes_appended":8668,"bytes_read":4334,"encrypted":true,"nodes_created":19,"operation":"replace","peak_rss_kib":3812,"reads":19,"sample":1,"system_s":0.0005279999999956431,"user_s":0.000059999999999504894,"wall_s":0.000586904}
{"bytes_appended":8206,"bytes_read":4103,"encrypted":true,"nodes_created":18,"operation":"replace","peak_rss_kib":3812,"reads":18,"sample":2,"system_s":0.0005480000000019913,"user_s":0.0,"wall_s":0.000547465}
{"bytes_appended":8206,"bytes_read":4103,"encrypted":true,"nodes_created":18,"operation":"replace","peak_rss_kib":3812,"reads":18,"sample":3,"system_s":0.00046799999999791453,"user_s":8.999999998593466e-6,"wall_s":0.000476576}
{"bytes_appended":8206,"bytes_read":4103,"encrypted":true,"nodes_created":18,"operation":"replace","peak_rss_kib":3812,"reads":18,"sample":4,"system_s":0.0005540000000010536,"user_s":0.0,"wall_s":0.000553224}
{"bytes_appended":8206,"bytes_read":4103,"encrypted":true,"nodes_created":18,"operation":"replace","peak_rss_kib":3812,"reads":18,"sample":5,"system_s":0.000529999999997699,"user_s":0.00002899999999961267,"wall_s":0.000558615}
{"bytes_appended":7282,"bytes_read":3641,"encrypted":true,"nodes_created":16,"operation":"replace","peak_rss_kib":3812,"reads":16,"sample":6,"system_s":0.00047599999999903275,"user_s":0.0,"wall_s":0.000475176}
{"bytes_appended":8206,"bytes_read":4103,"encrypted":true,"nodes_created":18,"operation":"replace","peak_rss_kib":3812,"reads":18,"sample":7,"system_s":0.0005000000000023874,"user_s":0.0,"wall_s":0.000498965}
{"bytes_appended":8206,"bytes_read":4103,"encrypted":true,"nodes_created":18,"operation":"replace","peak_rss_kib":3812,"reads":18,"sample":8,"system_s":0.0,"user_s":0.0005110000000012604,"wall_s":0.000509955}
{"bytes_appended":8668,"bytes_read":4334,"encrypted":true,"nodes_created":19,"operation":"replace","peak_rss_kib":3812,"reads":19,"sample":9,"system_s":0.00027799999999444935,"user_s":0.000256000000000256,"wall_s":0.000533065}
{"bytes_appended":8206,"bytes_read":4103,"encrypted":true,"nodes_created":18,"operation":"replace","peak_rss_kib":3812,"reads":18,"sample":10,"system_s":0.0003719999999987067,"user_s":0.00011399999999994748,"wall_s":0.000485085}
{"bytes_appended":8206,"bytes_read":4103,"encrypted":true,"nodes_created":18,"operation":"replace","peak_rss_kib":3812,"reads":18,"sample":11,"system_s":0.0,"user_s":0.0005019999999991143,"wall_s":0.000501685}
{"bytes_appended":8668,"bytes_read":4334,"encrypted":true,"nodes_created":19,"operation":"replace","peak_rss_kib":3812,"reads":19,"sample":12,"system_s":0.00004500000000007276,"user_s":0.0005000000000006111,"wall_s":0.000544204}
{"bytes_appended":7744,"bytes_read":3872,"encrypted":true,"nodes_created":17,"operation":"replace","peak_rss_kib":3812,"reads":17,"sample":13,"system_s":0.000506999999998925,"user_s":0.0,"wall_s":0.000506545}
{"bytes_appended":7282,"bytes_read":3641,"encrypted":true,"nodes_created":16,"operation":"replace","peak_rss_kib":3812,"reads":16,"sample":14,"system_s":0.0004259999999973729,"user_s":0.0,"wall_s":0.000425086}
{"bytes_appended":8206,"bytes_read":4103,"encrypted":true,"nodes_created":18,"operation":"replace","peak_rss_kib":3812,"reads":18,"sample":15,"system_s":0.000489000000001738,"user_s":0.0,"wall_s":0.000487905}
{"bytes_appended":8668,"bytes_read":4334,"encrypted":true,"nodes_created":19,"operation":"replace","peak_rss_kib":3812,"reads":19,"sample":16,"system_s":0.0005089999999938755,"user_s":0.0,"wall_s":0.000508595}
{"bytes_appended":7744,"bytes_read":3872,"encrypted":true,"nodes_created":17,"operation":"replace","peak_rss_kib":3812,"reads":17,"sample":17,"system_s":0.0004369999999980223,"user_s":0.0,"wall_s":0.000436825}
{"bytes_appended":9130,"bytes_read":4565,"encrypted":true,"nodes_created":20,"operation":"replace","peak_rss_kib":3812,"reads":20,"sample":18,"system_s":0.0005280000000027485,"user_s":0.0,"wall_s":0.000527835}
{"bytes_appended":8206,"bytes_read":4103,"encrypted":true,"nodes_created":18,"operation":"replace","peak_rss_kib":3812,"reads":18,"sample":19,"system_s":0.0,"user_s":0.0004989999999995831,"wall_s":0.000498605}
{"bytes_appended":7744,"bytes_read":3872,"encrypted":true,"nodes_created":17,"operation":"replace","peak_rss_kib":3812,"reads":17,"sample":20,"system_s":0.0,"user_s":0.00046500000000015973,"wall_s":0.000464155}
{"bytes_appended":7282,"bytes_read":3641,"encrypted":true,"nodes_created":16,"operation":"replace","peak_rss_kib":3812,"reads":16,"sample":21,"system_s":0.00044300000000419004,"user_s":0.0,"wall_s":0.000442296}
{"bytes_appended":9130,"bytes_read":4565,"encrypted":true,"nodes_created":20,"operation":"replace","peak_rss_kib":3812,"reads":20,"sample":22,"system_s":0.0005019999999973379,"user_s":0.0,"wall_s":0.000501255}
{"bytes_appended":9130,"bytes_read":4565,"encrypted":true,"nodes_created":20,"operation":"replace","peak_rss_kib":3812,"reads":20,"sample":23,"system_s":0.0005079999999964002,"user_s":0.0,"wall_s":0.000506865}
{"bytes_appended":8206,"bytes_read":4103,"encrypted":true,"nodes_created":18,"operation":"replace","peak_rss_kib":3812,"reads":18,"sample":24,"system_s":0.0004950000000008004,"user_s":0.0,"wall_s":0.000493965}
{"bytes_appended":8668,"bytes_read":4334,"encrypted":true,"nodes_created":19,"operation":"replace","peak_rss_kib":3812,"reads":19,"sample":25,"system_s":0.00048699999999968213,"user_s":0.0,"wall_s":0.000486335}
{"bytes_appended":8206,"bytes_read":4103,"encrypted":true,"nodes_created":18,"operation":"replace","peak_rss_kib":3812,"reads":18,"sample":26,"system_s":0.0004599999999967963,"user_s":0.0,"wall_s":0.000459065}
{"bytes_appended":8206,"bytes_read":4103,"encrypted":true,"nodes_created":18,"operation":"replace","peak_rss_kib":3812,"reads":18,"sample":27,"system_s":0.0004879999999971574,"user_s":0.0,"wall_s":0.000487315}
{"bytes_appended":7744,"bytes_read":3872,"encrypted":true,"nodes_created":17,"operation":"replace","peak_rss_kib":3812,"reads":17,"sample":28,"system_s":0.00045099999999820284,"user_s":0.0,"wall_s":0.000450025}
{"bytes_appended":8668,"bytes_read":4334,"encrypted":true,"nodes_created":19,"operation":"replace","peak_rss_kib":3812,"reads":19,"sample":29,"system_s":0.0004979999999932261,"user_s":0.0,"wall_s":0.000497735}
ok

test result: ok. 1 passed; 0 failed; 0 ignored; 0 measured; 390 filtered out; finished in 45.23s

