	Command being timed: "timeout 900 /tmp/revault-parallel-20261010/bin/archive_evaluation extract-zip /home/bsutton/.cache/revault-performance-20261010-large/parallel-v3/raw-random-10000x64k /home/bsutton/.cache/revault-performance-20261010-large/parallel-v3/raw-random-10000x64k/extract-output/parallel/sample-00-zip"
	User time (seconds): 0.17
	System time (seconds): 5.37
	Percent of CPU this job got: 26%
	Elapsed (wall clock) time (h:mm:ss or m:ss): 0:21.27
	Average shared text size (kbytes): 0
	Average unshared data size (kbytes): 0
	Average stack size (kbytes): 0
	Average total size (kbytes): 0
	Maximum resident set size (kbytes): 10220
	Average resident set size (kbytes): 0
	Major (requiring I/O) page faults: 0
	Minor (reclaiming a frame) page faults: 2255
	Voluntary context switches: 88662
	Involuntary context switches: 255
	Swaps: 0
	File system inputs: 1285144
	File system outputs: 2657440
	Socket messages sent: 0
	Socket messages received: 0
	Signals delivered: 0
	Page size (bytes): 4096
	Exit status: 0
	Command being timed: "timeout 930 taskset -c 0,1,2,3,4 /usr/bin/time -v timeout 900 /tmp/revault-parallel-20261010/bin/archive_evaluation extract-zip /home/bsutton/.cache/revault-performance-20261010-large/parallel-v3/raw-random-10000x64k /home/bsutton/.cache/revault-performance-20261010-large/parallel-v3/raw-random-10000x64k/extract-output/parallel/sample-00-zip"
	User time (seconds): 0.17
	System time (seconds): 5.38
	Percent of CPU this job got: 26%
	Elapsed (wall clock) time (h:mm:ss or m:ss): 0:21.27
	Average shared text size (kbytes): 0
	Average unshared data size (kbytes): 0
	Average stack size (kbytes): 0
	Average total size (kbytes): 0
	Maximum resident set size (kbytes): 10220
	Average resident set size (kbytes): 0
	Major (requiring I/O) page faults: 0
	Minor (reclaiming a frame) page faults: 2958
	Voluntary context switches: 88667
	Involuntary context switches: 256
	Swaps: 0
	File system inputs: 1285144
	File system outputs: 2657440
	Socket messages sent: 0
	Socket messages received: 0
	Signals delivered: 0
	Page size (bytes): 4096
	Exit status: 0
