	Command being timed: "timeout 900 /tmp/revault-parallel-20261010/bin/revault_lockbox_api_tests --exact file_format::candidate_files::resource_probe::candidate_file_resource_probe --ignored --nocapture"
	User time (seconds): 0.84
	System time (seconds): 5.21
	Percent of CPU this job got: 17%
	Elapsed (wall clock) time (h:mm:ss or m:ss): 0:33.91
	Average shared text size (kbytes): 0
	Average unshared data size (kbytes): 0
	Average stack size (kbytes): 0
	Average total size (kbytes): 0
	Maximum resident set size (kbytes): 10612
	Average resident set size (kbytes): 0
	Major (requiring I/O) page faults: 0
	Minor (reclaiming a frame) page faults: 1490
	Voluntary context switches: 93765
	Involuntary context switches: 661
	Swaps: 0
	File system inputs: 1293408
	File system outputs: 2604416
	Socket messages sent: 0
	Socket messages received: 0
	Signals delivered: 0
	Page size (bytes): 4096
	Exit status: 0
	Command being timed: "timeout 930 taskset -c 0,1,2,3,4 /usr/bin/time -v timeout 900 /tmp/revault-parallel-20261010/bin/revault_lockbox_api_tests --exact file_format::candidate_files::resource_probe::candidate_file_resource_probe --ignored --nocapture"
	User time (seconds): 0.84
	System time (seconds): 5.22
	Percent of CPU this job got: 17%
	Elapsed (wall clock) time (h:mm:ss or m:ss): 0:33.92
	Average shared text size (kbytes): 0
	Average unshared data size (kbytes): 0
	Average stack size (kbytes): 0
	Average total size (kbytes): 0
	Maximum resident set size (kbytes): 10612
	Average resident set size (kbytes): 0
	Major (requiring I/O) page faults: 0
	Minor (reclaiming a frame) page faults: 2191
	Voluntary context switches: 93770
	Involuntary context switches: 662
	Swaps: 0
	File system inputs: 1293408
	File system outputs: 2604416
	Socket messages sent: 0
	Socket messages received: 0
	Signals delivered: 0
	Page size (bytes): 4096
	Exit status: 0
