	Command being timed: "timeout 900 /tmp/revault-parallel-20261010/bin/archive_evaluation extract-zip /home/bsutton/.cache/revault-performance-20261010-large/scale-v1/raw-random-1gib /home/bsutton/.cache/revault-performance-20261010-large/scale-v1/raw-random-1gib/extract-output/parallel/sample-00-zip"
	User time (seconds): 0.13
	System time (seconds): 3.82
	Percent of CPU this job got: 39%
	Elapsed (wall clock) time (h:mm:ss or m:ss): 0:10.12
	Average shared text size (kbytes): 0
	Average unshared data size (kbytes): 0
	Average stack size (kbytes): 0
	Average total size (kbytes): 0
	Maximum resident set size (kbytes): 8080
	Average resident set size (kbytes): 0
	Major (requiring I/O) page faults: 0
	Minor (reclaiming a frame) page faults: 715
	Voluntary context switches: 1027
	Involuntary context switches: 2098
	Swaps: 0
	File system inputs: 2121448
	File system outputs: 2165952
	Socket messages sent: 0
	Socket messages received: 0
	Signals delivered: 0
	Page size (bytes): 4096
	Exit status: 0
	Command being timed: "timeout 930 taskset -c 0,1,2,3,4 /usr/bin/time -v timeout 900 /tmp/revault-parallel-20261010/bin/archive_evaluation extract-zip /home/bsutton/.cache/revault-performance-20261010-large/scale-v1/raw-random-1gib /home/bsutton/.cache/revault-performance-20261010-large/scale-v1/raw-random-1gib/extract-output/parallel/sample-00-zip"
	User time (seconds): 0.13
	System time (seconds): 3.83
	Percent of CPU this job got: 39%
	Elapsed (wall clock) time (h:mm:ss or m:ss): 0:10.14
	Average shared text size (kbytes): 0
	Average unshared data size (kbytes): 0
	Average stack size (kbytes): 0
	Average total size (kbytes): 0
	Maximum resident set size (kbytes): 8160
	Average resident set size (kbytes): 0
	Major (requiring I/O) page faults: 1
	Minor (reclaiming a frame) page faults: 1412
	Voluntary context switches: 1033
	Involuntary context switches: 2119
	Swaps: 0
	File system inputs: 2121464
	File system outputs: 2165952
	Socket messages sent: 0
	Socket messages received: 0
	Signals delivered: 0
	Page size (bytes): 4096
	Exit status: 0
