	Command being timed: "timeout 900 /home/bsutton/.cache/revault-protected-20261011-bin/archive_evaluation extract-zip /home/bsutton/.cache/revault-protected-20261011/random-1gib-compressed-encrypted /home/bsutton/.cache/revault-protected-20261011/random-1gib-compressed-encrypted/extract-output/protected-final/warmup-01-zip-attempt01"
	User time (seconds): 0.17
	System time (seconds): 2.33
	Percent of CPU this job got: 99%
	Elapsed (wall clock) time (h:mm:ss or m:ss): 0:02.52
	Average shared text size (kbytes): 0
	Average unshared data size (kbytes): 0
	Average stack size (kbytes): 0
	Average total size (kbytes): 0
	Maximum resident set size (kbytes): 8300
	Average resident set size (kbytes): 0
	Major (requiring I/O) page faults: 0
	Minor (reclaiming a frame) page faults: 734
	Voluntary context switches: 18
	Involuntary context switches: 59
	Swaps: 0
	File system inputs: 2097496
	File system outputs: 2097152
	Socket messages sent: 0
	Socket messages received: 0
	Signals delivered: 0
	Page size (bytes): 4096
	Exit status: 0
	Command being timed: "timeout 930 taskset -c 0,1,2,3,4 /usr/bin/time -v timeout 900 /home/bsutton/.cache/revault-protected-20261011-bin/archive_evaluation extract-zip /home/bsutton/.cache/revault-protected-20261011/random-1gib-compressed-encrypted /home/bsutton/.cache/revault-protected-20261011/random-1gib-compressed-encrypted/extract-output/protected-final/warmup-01-zip-attempt01"
	User time (seconds): 0.17
	System time (seconds): 2.34
	Percent of CPU this job got: 99%
	Elapsed (wall clock) time (h:mm:ss or m:ss): 0:02.52
	Average shared text size (kbytes): 0
	Average unshared data size (kbytes): 0
	Average stack size (kbytes): 0
	Average total size (kbytes): 0
	Maximum resident set size (kbytes): 8300
	Average resident set size (kbytes): 0
	Major (requiring I/O) page faults: 0
	Minor (reclaiming a frame) page faults: 1433
	Voluntary context switches: 23
	Involuntary context switches: 61
	Swaps: 0
	File system inputs: 2097496
	File system outputs: 2097152
	Socket messages sent: 0
	Socket messages received: 0
	Signals delivered: 0
	Page size (bytes): 4096
	Exit status: 0
