	Command being timed: "timeout 900 /tmp/revault-parallel-20261010/bin/archive_evaluation extract-zip /home/bsutton/.cache/revault-performance-20261010-large/scale-v1/raw-random-1gib /home/bsutton/.cache/revault-performance-20261010-large/scale-v1/raw-random-1gib/extract-output/parallel/sample-07-zip"
	User time (seconds): 0.11
	System time (seconds): 2.15
	Percent of CPU this job got: 99%
	Elapsed (wall clock) time (h:mm:ss or m:ss): 0:02.27
	Average shared text size (kbytes): 0
	Average unshared data size (kbytes): 0
	Average stack size (kbytes): 0
	Average total size (kbytes): 0
	Maximum resident set size (kbytes): 8024
	Average resident set size (kbytes): 0
	Major (requiring I/O) page faults: 0
	Minor (reclaiming a frame) page faults: 716
	Voluntary context switches: 183
	Involuntary context switches: 42
	Swaps: 0
	File system inputs: 2097160
	File system outputs: 2100544
	Socket messages sent: 0
	Socket messages received: 0
	Signals delivered: 0
	Page size (bytes): 4096
	Exit status: 0
	Command being timed: "timeout 930 taskset -c 0,1,2,3,4 /usr/bin/time -v timeout 900 /tmp/revault-parallel-20261010/bin/archive_evaluation extract-zip /home/bsutton/.cache/revault-performance-20261010-large/scale-v1/raw-random-1gib /home/bsutton/.cache/revault-performance-20261010-large/scale-v1/raw-random-1gib/extract-output/parallel/sample-07-zip"
	User time (seconds): 0.11
	System time (seconds): 2.15
	Percent of CPU this job got: 99%
	Elapsed (wall clock) time (h:mm:ss or m:ss): 0:02.28
	Average shared text size (kbytes): 0
	Average unshared data size (kbytes): 0
	Average stack size (kbytes): 0
	Average total size (kbytes): 0
	Maximum resident set size (kbytes): 8024
	Average resident set size (kbytes): 0
	Major (requiring I/O) page faults: 0
	Minor (reclaiming a frame) page faults: 1415
	Voluntary context switches: 188
	Involuntary context switches: 42
	Swaps: 0
	File system inputs: 2097160
	File system outputs: 2100544
	Socket messages sent: 0
	Socket messages received: 0
	Signals delivered: 0
	Page size (bytes): 4096
	Exit status: 0
