	Command being timed: "timeout 900 /tmp/revault-parallel-20261010/bin/archive_evaluation extract-zip /home/bsutton/.cache/revault-performance-20261010-large/scale-v1/raw-random-1gib /home/bsutton/.cache/revault-performance-20261010-large/scale-v1/raw-random-1gib/extract-output/parallel/warmup-00-zip"
	User time (seconds): 0.10
	System time (seconds): 2.19
	Percent of CPU this job got: 99%
	Elapsed (wall clock) time (h:mm:ss or m:ss): 0:02.31
	Average shared text size (kbytes): 0
	Average unshared data size (kbytes): 0
	Average stack size (kbytes): 0
	Average total size (kbytes): 0
	Maximum resident set size (kbytes): 8240
	Average resident set size (kbytes): 0
	Major (requiring I/O) page faults: 0
	Minor (reclaiming a frame) page faults: 721
	Voluntary context switches: 248
	Involuntary context switches: 48
	Swaps: 0
	File system inputs: 2097608
	File system outputs: 2114752
	Socket messages sent: 0
	Socket messages received: 0
	Signals delivered: 0
	Page size (bytes): 4096
	Exit status: 0
	Command being timed: "timeout 930 taskset -c 0,1,2,3,4 /usr/bin/time -v timeout 900 /tmp/revault-parallel-20261010/bin/archive_evaluation extract-zip /home/bsutton/.cache/revault-performance-20261010-large/scale-v1/raw-random-1gib /home/bsutton/.cache/revault-performance-20261010-large/scale-v1/raw-random-1gib/extract-output/parallel/warmup-00-zip"
	User time (seconds): 0.10
	System time (seconds): 2.19
	Percent of CPU this job got: 99%
	Elapsed (wall clock) time (h:mm:ss or m:ss): 0:02.32
	Average shared text size (kbytes): 0
	Average unshared data size (kbytes): 0
	Average stack size (kbytes): 0
	Average total size (kbytes): 0
	Maximum resident set size (kbytes): 8240
	Average resident set size (kbytes): 0
	Major (requiring I/O) page faults: 0
	Minor (reclaiming a frame) page faults: 1418
	Voluntary context switches: 253
	Involuntary context switches: 49
	Swaps: 0
	File system inputs: 2097608
	File system outputs: 2114752
	Socket messages sent: 0
	Socket messages received: 0
	Signals delivered: 0
	Page size (bytes): 4096
	Exit status: 0
