
running 1 test
FRESH_TREE_STREAM mode=7 source_bytes=68419584 output_bytes=68026368 logical_bytes=67108864 fragments=1024 dense_fits=false
FRESH_TREE_STREAM mode=25 source_bytes=68419584 output_bytes=1572864 logical_bytes=67108864 fragments=1024 dense_fits=true
FRESH_TREE_STREAM mode=24 source_bytes=68419584 output_bytes=1572864 logical_bytes=67108864 fragments=1024 dense_fits=true
test file_format::candidate_files::tests::tree_tests::fresh::fresh_tree_export_streams_sixty_four_mib_without_dense_intermediate ... ok

test result: ok. 1 passed; 0 failed; 0 ignored; 0 measured; 579 filtered out; finished in 8.79s

	Command being timed: "target/release/deps/revault_lockbox_api-5338344f5af7f73d fresh_tree_export_streams_sixty_four_mib_without_dense_intermediate --ignored --nocapture"
	User time (seconds): 8.41
	System time (seconds): 0.37
	Percent of CPU this job got: 99%
	Elapsed (wall clock) time (h:mm:ss or m:ss): 0:08.79
	Average shared text size (kbytes): 0
	Average unshared data size (kbytes): 0
	Average stack size (kbytes): 0
	Average total size (kbytes): 0
	Maximum resident set size (kbytes): 15972
	Average resident set size (kbytes): 0
	Major (requiring I/O) page faults: 0
	Minor (reclaiming a frame) page faults: 73398
	Voluntary context switches: 3
	Involuntary context switches: 96
	Swaps: 0
	File system inputs: 0
	File system outputs: 0
	Socket messages sent: 0
	Socket messages received: 0
	Signals delivered: 0
	Page size (bytes): 4096
	Exit status: 0
