    Finished `release` profile [optimized] target(s) in 0.09s
     Running unittests src/lib.rs (target/release/deps/revault_lockbox_api-5338344f5af7f73d)

running 1 test

thread 'file_format::candidate_files::tests::tree_tests::fresh::fresh_tree_export_streams_sixty_four_mib_without_dense_intermediate' panicked at revault_lockbox_api/src/file_format/candidate_files/tests/tree_tests/fresh.rs:231:123:
called `Result::unwrap()` on an `Err` value: CorruptRecord
note: run with `RUST_BACKTRACE=1` environment variable to display a backtrace
test file_format::candidate_files::tests::tree_tests::fresh::fresh_tree_export_streams_sixty_four_mib_without_dense_intermediate ... FAILED

failures:

failures:
    file_format::candidate_files::tests::tree_tests::fresh::fresh_tree_export_streams_sixty_four_mib_without_dense_intermediate

test result: FAILED. 0 passed; 1 failed; 0 ignored; 0 measured; 578 filtered out; finished in 0.00s

error: test failed, to rerun pass `-p revault_lockbox_api --lib`
Command exited with non-zero status 101
	Command being timed: "cargo +1.88.0 test -p revault_lockbox_api --release --features external-source --lib fresh_tree_export_streams_sixty_four_mib_without_dense_intermediate -- --ignored --nocapture"
	User time (seconds): 0.07
	System time (seconds): 0.04
	Percent of CPU this job got: 100%
	Elapsed (wall clock) time (h:mm:ss or m:ss): 0:00.12
	Average shared text size (kbytes): 0
	Average unshared data size (kbytes): 0
	Average stack size (kbytes): 0
	Average total size (kbytes): 0
	Maximum resident set size (kbytes): 72292
	Average resident set size (kbytes): 0
	Major (requiring I/O) page faults: 0
	Minor (reclaiming a frame) page faults: 14761
	Voluntary context switches: 39
	Involuntary context switches: 4
	Swaps: 0
	File system inputs: 0
	File system outputs: 0
	Socket messages sent: 0
	Socket messages received: 0
	Signals delivered: 0
	Page size (bytes): 4096
	Exit status: 101
