	Command being timed: "timeout 900 /home/bsutton/.cache/revault-protected-20261011-bin/revault_lockbox_api_tests --exact file_format::candidate_files::resource_probe::candidate_file_resource_probe --ignored --nocapture"
	User time (seconds): 2.13
	System time (seconds): 1.72
	Percent of CPU this job got: 128%
	Elapsed (wall clock) time (h:mm:ss or m:ss): 0:03.00
	Average shared text size (kbytes): 0
	Average unshared data size (kbytes): 0
	Average stack size (kbytes): 0
	Average total size (kbytes): 0
	Maximum resident set size (kbytes): 13932
	Average resident set size (kbytes): 0
	Major (requiring I/O) page faults: 0
	Minor (reclaiming a frame) page faults: 8949
	Voluntary context switches: 3732
	Involuntary context switches: 1047
	Swaps: 0
	File system inputs: 2253808
	File system outputs: 2097152
	Socket messages sent: 0
	Socket messages received: 0
	Signals delivered: 0
	Page size (bytes): 4096
	Exit status: 0
	Command being timed: "timeout 930 taskset -c 0,1,2,3,4 /usr/bin/time -v timeout 900 /home/bsutton/.cache/revault-protected-20261011-bin/revault_lockbox_api_tests --exact file_format::candidate_files::resource_probe::candidate_file_resource_probe --ignored --nocapture"
	User time (seconds): 2.13
	System time (seconds): 1.73
	Percent of CPU this job got: 128%
	Elapsed (wall clock) time (h:mm:ss or m:ss): 0:03.00
	Average shared text size (kbytes): 0
	Average unshared data size (kbytes): 0
	Average stack size (kbytes): 0
	Average total size (kbytes): 0
	Maximum resident set size (kbytes): 13932
	Average resident set size (kbytes): 0
	Major (requiring I/O) page faults: 0
	Minor (reclaiming a frame) page faults: 9647
	Voluntary context switches: 3737
	Involuntary context switches: 1049
	Swaps: 0
	File system inputs: 2253808
	File system outputs: 2097152
	Socket messages sent: 0
	Socket messages received: 0
	Signals delivered: 0
	Page size (bytes): 4096
	Exit status: 0
