	Command being timed: "timeout 900 /tmp/revault-parallel-20261010/balanced-bin/archive_evaluation extract-zip /home/bsutton/.cache/revault-protected-20261011/source-expanded-1gib-raw-plain /home/bsutton/.cache/revault-protected-20261011/source-expanded-1gib-raw-plain/extract-output/protected-v2/warmup-02-zip-attempt00"
	User time (seconds): 0.09
	System time (seconds): 1.57
	Percent of CPU this job got: 99%
	Elapsed (wall clock) time (h:mm:ss or m:ss): 0:01.66
	Average shared text size (kbytes): 0
	Average unshared data size (kbytes): 0
	Average stack size (kbytes): 0
	Average total size (kbytes): 0
	Maximum resident set size (kbytes): 8076
	Average resident set size (kbytes): 0
	Major (requiring I/O) page faults: 0
	Minor (reclaiming a frame) page faults: 719
	Voluntary context switches: 14
	Involuntary context switches: 21
	Swaps: 0
	File system inputs: 468328
	File system outputs: 2097152
	Socket messages sent: 0
	Socket messages received: 0
	Signals delivered: 0
	Page size (bytes): 4096
	Exit status: 0
	Command being timed: "timeout 930 taskset -c 0,1,2,3,4 /usr/bin/time -v timeout 900 /tmp/revault-parallel-20261010/balanced-bin/archive_evaluation extract-zip /home/bsutton/.cache/revault-protected-20261011/source-expanded-1gib-raw-plain /home/bsutton/.cache/revault-protected-20261011/source-expanded-1gib-raw-plain/extract-output/protected-v2/warmup-02-zip-attempt00"
	User time (seconds): 0.09
	System time (seconds): 1.57
	Percent of CPU this job got: 99%
	Elapsed (wall clock) time (h:mm:ss or m:ss): 0:01.66
	Average shared text size (kbytes): 0
	Average unshared data size (kbytes): 0
	Average stack size (kbytes): 0
	Average total size (kbytes): 0
	Maximum resident set size (kbytes): 8076
	Average resident set size (kbytes): 0
	Major (requiring I/O) page faults: 0
	Minor (reclaiming a frame) page faults: 1418
	Voluntary context switches: 19
	Involuntary context switches: 23
	Swaps: 0
	File system inputs: 468328
	File system outputs: 2097152
	Socket messages sent: 0
	Socket messages received: 0
	Signals delivered: 0
	Page size (bytes): 4096
	Exit status: 0
