	Command being timed: "timeout 900 /tmp/revault-parallel-20261010/balanced-bin/revault_lockbox_api_tests --exact file_format::candidate_files::resource_probe::candidate_file_resource_probe --ignored --nocapture"
	User time (seconds): 6.02
	System time (seconds): 2.72
	Percent of CPU this job got: 154%
	Elapsed (wall clock) time (h:mm:ss or m:ss): 0:05.66
	Average shared text size (kbytes): 0
	Average unshared data size (kbytes): 0
	Average stack size (kbytes): 0
	Average total size (kbytes): 0
	Maximum resident set size (kbytes): 13124
	Average resident set size (kbytes): 0
	Major (requiring I/O) page faults: 0
	Minor (reclaiming a frame) page faults: 219211
	Voluntary context switches: 3505
	Involuntary context switches: 88
	Swaps: 0
	File system inputs: 452976
	File system outputs: 2097152
	Socket messages sent: 0
	Socket messages received: 0
	Signals delivered: 0
	Page size (bytes): 4096
	Exit status: 0
	Command being timed: "timeout 930 taskset -c 0,1,2,3,4 /usr/bin/time -v timeout 900 /tmp/revault-parallel-20261010/balanced-bin/revault_lockbox_api_tests --exact file_format::candidate_files::resource_probe::candidate_file_resource_probe --ignored --nocapture"
	User time (seconds): 6.02
	System time (seconds): 2.72
	Percent of CPU this job got: 154%
	Elapsed (wall clock) time (h:mm:ss or m:ss): 0:05.67
	Average shared text size (kbytes): 0
	Average unshared data size (kbytes): 0
	Average stack size (kbytes): 0
	Average total size (kbytes): 0
	Maximum resident set size (kbytes): 13124
	Average resident set size (kbytes): 0
	Major (requiring I/O) page faults: 0
	Minor (reclaiming a frame) page faults: 219909
	Voluntary context switches: 3510
	Involuntary context switches: 89
	Swaps: 0
	File system inputs: 452976
	File system outputs: 2097152
	Socket messages sent: 0
	Socket messages received: 0
	Signals delivered: 0
	Page size (bytes): 4096
	Exit status: 0
