	Command being timed: "timeout 900 /tmp/revault-parallel-20261010/balanced-bin/archive_evaluation extract-zip /home/bsutton/.cache/revault-performance-20261010-large/parallel-v3/raw-random-10000x64k /home/bsutton/.cache/revault-performance-20261010-large/parallel-v3/raw-random-10000x64k/extract-output/parallel/sample-04-zip-attempt00"
	User time (seconds): 0.00
	System time (seconds): 0.00
	Percent of CPU this job got: 100%
	Elapsed (wall clock) time (h:mm:ss or m:ss): 0:00.00
	Average shared text size (kbytes): 0
	Average unshared data size (kbytes): 0
	Average stack size (kbytes): 0
	Average total size (kbytes): 0
	Maximum resident set size (kbytes): 8076
	Average resident set size (kbytes): 0
	Major (requiring I/O) page faults: 0
	Minor (reclaiming a frame) page faults: 701
	Voluntary context switches: 4
	Involuntary context switches: 0
	Swaps: 0
	File system inputs: 0
	File system outputs: 0
	Socket messages sent: 0
	Socket messages received: 0
	Signals delivered: 0
	Page size (bytes): 4096
	Exit status: 0
	Command being timed: "timeout 930 taskset -c 0,1,2,3,4 /usr/bin/time -v timeout 900 /tmp/revault-parallel-20261010/balanced-bin/archive_evaluation extract-zip /home/bsutton/.cache/revault-performance-20261010-large/parallel-v3/raw-random-10000x64k /home/bsutton/.cache/revault-performance-20261010-large/parallel-v3/raw-random-10000x64k/extract-output/parallel/sample-04-zip-attempt00"
	User time (seconds): 0.00
	System time (seconds): 0.01
	Percent of CPU this job got: 100%
	Elapsed (wall clock) time (h:mm:ss or m:ss): 0:00.01
	Average shared text size (kbytes): 0
	Average unshared data size (kbytes): 0
	Average stack size (kbytes): 0
	Average total size (kbytes): 0
	Maximum resident set size (kbytes): 8076
	Average resident set size (kbytes): 0
	Major (requiring I/O) page faults: 0
	Minor (reclaiming a frame) page faults: 1402
	Voluntary context switches: 10
	Involuntary context switches: 1
	Swaps: 0
	File system inputs: 0
	File system outputs: 0
	Socket messages sent: 0
	Socket messages received: 0
	Signals delivered: 0
	Page size (bytes): 4096
	Exit status: 0
