	Command being timed: "timeout 900 /tmp/revault-parallel-20261010/balanced-bin/archive_evaluation extract-zip /home/bsutton/.cache/revault-performance-20261010-large/parallel-v3/raw-random-10000x64k /home/bsutton/.cache/revault-performance-20261010-large/parallel-v3/raw-random-10000x64k/extract-output/parallel/warmup-01-zip-attempt01"
	User time (seconds): 0.08
	System time (seconds): 1.29
	Percent of CPU this job got: 99%
	Elapsed (wall clock) time (h:mm:ss or m:ss): 0:01.37
	Average shared text size (kbytes): 0
	Average unshared data size (kbytes): 0
	Average stack size (kbytes): 0
	Average total size (kbytes): 0
	Maximum resident set size (kbytes): 10440
	Average resident set size (kbytes): 0
	Major (requiring I/O) page faults: 0
	Minor (reclaiming a frame) page faults: 2258
	Voluntary context switches: 16
	Involuntary context switches: 27
	Swaps: 0
	File system inputs: 1282072
	File system outputs: 1286176
	Socket messages sent: 0
	Socket messages received: 0
	Signals delivered: 0
	Page size (bytes): 4096
	Exit status: 0
	Command being timed: "timeout 930 taskset -c 0,1,2,3,4 /usr/bin/time -v timeout 900 /tmp/revault-parallel-20261010/balanced-bin/archive_evaluation extract-zip /home/bsutton/.cache/revault-performance-20261010-large/parallel-v3/raw-random-10000x64k /home/bsutton/.cache/revault-performance-20261010-large/parallel-v3/raw-random-10000x64k/extract-output/parallel/warmup-01-zip-attempt01"
	User time (seconds): 0.08
	System time (seconds): 1.29
	Percent of CPU this job got: 99%
	Elapsed (wall clock) time (h:mm:ss or m:ss): 0:01.38
	Average shared text size (kbytes): 0
	Average unshared data size (kbytes): 0
	Average stack size (kbytes): 0
	Average total size (kbytes): 0
	Maximum resident set size (kbytes): 10440
	Average resident set size (kbytes): 0
	Major (requiring I/O) page faults: 0
	Minor (reclaiming a frame) page faults: 2956
	Voluntary context switches: 21
	Involuntary context switches: 29
	Swaps: 0
	File system inputs: 1282072
	File system outputs: 1286176
	Socket messages sent: 0
	Socket messages received: 0
	Signals delivered: 0
	Page size (bytes): 4096
	Exit status: 0
