    Finished `release` profile [optimized] target(s) in 0.10s
     Running unittests src/lib.rs (target/release/deps/revault_lockbox_api-f07cb4fa7fa687ec)

running 1 test
test lockbox::block_frame_tests::native_file_writer_commits_and_reopens_multiframe_files_in_all_modes ... 
thread 'lockbox::block_frame_tests::native_file_writer_commits_and_reopens_multiframe_files_in_all_modes' panicked at revault_lockbox_api/src/lockbox/block_frame_tests.rs:317:21:
assertion `left == right` failed: one corrupt file must not prevent intact-neighbor recovery: encrypted=false, signed=true, compression=None, padding=Default
  left: 2
 right: 1
stack backtrace:
   0: __rustc::rust_begin_unwind
   1: core::panicking::panic_fmt
   2: core::panicking::assert_failed_inner
   3: core::panicking::assert_failed
   4: revault_lockbox_api::lockbox::block_frame_tests::native_file_writer_commits_and_reopens_multiframe_files_in_all_modes
   5: core::ops::function::FnOnce::call_once
note: Some details are omitted, run with `RUST_BACKTRACE=full` for a verbose backtrace.
FAILED

failures:

failures:
    lockbox::block_frame_tests::native_file_writer_commits_and_reopens_multiframe_files_in_all_modes

test result: FAILED. 0 passed; 1 failed; 0 ignored; 0 measured; 656 filtered out; finished in 0.16s

error: test failed, to rerun pass `-p revault_lockbox_api --lib`
