    Finished `release` profile [optimized] target(s) in 0.08s
     Running unittests src/lib.rs (target/release/deps/revault_page_api-61a1a71a540c5849)

running 20 tests
test tests::allocation_chunk_defaults_to_64k ... ok
test tests::canary_scoped_read_failure_child ... ok
test tests::capabilities_match_target_family ... ok
test tests::canary_corruption_is_detected ... ok
test tests::guard_page_fault_child ... ok
test tests::drop_during_read_access_is_deferred ... ok
test tests::protected_page_fault_child ... ok
test tests::nested_access_reuses_one_guard ... ok
test tests::mutation_fails_while_read_access_is_active ... ok
test tests::weakened_allocation_is_explicit_opt_in ... ok
test tests::secure_string_round_trips_utf8 ... ok
test tests::secure_empty_range_copy_validates_bounds_without_requiring_allocation ... ok
test tests::canary_corruption_fails_scoped_read ... ok
test tests::secure_vec_support_values_at_default_chunk_boundary ... ok
test tests::secure_string_range_append_keeps_bounds_utf8_bytes_and_read_scope_policy ... ok
test tests::secure_vec_uses_smallest_secure_size_class ... ok
test tests::secure_vec_support_values_larger_than_default_chunk ... ok
test tests::secure_vec_grow_and_zeroize ... ok
test tests::protected_page_faults_after_access_guard_drops ... ok
test tests::guard_pages_fault_on_direct_access ... ok

test result: ok. 20 passed; 0 failed; 0 ignored; 0 measured; 0 filtered out; finished in 0.17s

