	Command being timed: "timeout 900 /home/bsutton/.cache/revault-protected-20261011-bin/archive_evaluation extract-zip /home/bsutton/.cache/revault-protected-20261011/random-1gib-raw-encrypted /home/bsutton/.cache/revault-protected-20261011/random-1gib-raw-encrypted/extract-output/protected-recovery/sample-04-zip-attempt00"
	User time (seconds): 0.10
	System time (seconds): 1.54
	Percent of CPU this job got: 99%
	Elapsed (wall clock) time (h:mm:ss or m:ss): 0:01.64
	Average shared text size (kbytes): 0
	Average unshared data size (kbytes): 0
	Average stack size (kbytes): 0
	Average total size (kbytes): 0
	Maximum resident set size (kbytes): 8008
	Average resident set size (kbytes): 0
	Major (requiring I/O) page faults: 0
	Minor (reclaiming a frame) page faults: 712
	Voluntary context switches: 7
	Involuntary context switches: 37
	Swaps: 0
	File system inputs: 2097160
	File system outputs: 2097152
	Socket messages sent: 0
	Socket messages received: 0
	Signals delivered: 0
	Page size (bytes): 4096
	Exit status: 0
	Command being timed: "timeout 930 taskset -c 0,1,2,3,4 /usr/bin/time -v timeout 900 /home/bsutton/.cache/revault-protected-20261011-bin/archive_evaluation extract-zip /home/bsutton/.cache/revault-protected-20261011/random-1gib-raw-encrypted /home/bsutton/.cache/revault-protected-20261011/random-1gib-raw-encrypted/extract-output/protected-recovery/sample-04-zip-attempt00"
	User time (seconds): 0.10
	System time (seconds): 1.55
	Percent of CPU this job got: 99%
	Elapsed (wall clock) time (h:mm:ss or m:ss): 0:01.65
	Average shared text size (kbytes): 0
	Average unshared data size (kbytes): 0
	Average stack size (kbytes): 0
	Average total size (kbytes): 0
	Maximum resident set size (kbytes): 8180
	Average resident set size (kbytes): 0
	Major (requiring I/O) page faults: 0
	Minor (reclaiming a frame) page faults: 1412
	Voluntary context switches: 12
	Involuntary context switches: 40
	Swaps: 0
	File system inputs: 2097160
	File system outputs: 2097152
	Socket messages sent: 0
	Socket messages received: 0
	Signals delivered: 0
	Page size (bytes): 4096
	Exit status: 0
