
running 1 test
test file_format::candidate_files::resource_probe::candidate_file_resource_probe ... CANDIDATE_SAMPLE {"archive_bytes":663486464,"archive_sha256":"6b6a9d93223f657e8c85395568a51bbc7081200637ae8b921337f206e579e9c5","kind":"typed_tree_fixture","layout":"shared-control-typed-tree","scope":"fresh direct typed export; construction is not a write-performance sample","verified":true}
ok

test result: ok. 1 passed; 0 failed; 0 ignored; 0 measured; 674 filtered out; finished in 11.81s


--- STDERR ---
	Command being timed: "timeout 900 /tmp/revault-scale-20261010/evidence/bin/revault_lockbox_api_tests --exact file_format::candidate_files::resource_probe::candidate_file_resource_probe --ignored --nocapture"
	User time (seconds): 5.14
	System time (seconds): 3.61
	Percent of CPU this job got: 74%
	Elapsed (wall clock) time (h:mm:ss or m:ss): 0:11.81
	Average shared text size (kbytes): 0
	Average unshared data size (kbytes): 0
	Average stack size (kbytes): 0
	Average total size (kbytes): 0
	Maximum resident set size (kbytes): 25048
	Average resident set size (kbytes): 0
	Major (requiring I/O) page faults: 0
	Minor (reclaiming a frame) page faults: 5607
	Voluntary context switches: 23892
	Involuntary context switches: 115
	Swaps: 0
	File system inputs: 3426504
	File system outputs: 2598056
	Socket messages sent: 0
	Socket messages received: 0
	Signals delivered: 0
	Page size (bytes): 4096
	Exit status: 0
