PAIR_DONE case=small512-mixed-compressed pair=0 phase=warmup order=before,after
PAIR_DONE case=small512-mixed-compressed pair=1 phase=warmup order=after,before
PAIR_DONE case=small512-mixed-compressed pair=2 phase=warmup order=before,after
PAIR_DONE case=small512-mixed-compressed pair=3 phase=measured order=after,before
PAIR_DONE case=small512-mixed-compressed pair=4 phase=measured order=before,after
PAIR_DONE case=small512-mixed-compressed pair=5 phase=measured order=after,before
PAIR_DONE case=small512-mixed-compressed pair=6 phase=measured order=before,after
PAIR_DONE case=small512-mixed-compressed pair=7 phase=measured order=after,before
PAIR_DONE case=small512-mixed-compressed pair=8 phase=measured order=before,after
PAIR_DONE case=small512-mixed-compressed pair=9 phase=measured order=after,before
PAIR_DONE case=small512-mixed-compressed pair=10 phase=measured order=before,after
PAIR_DONE case=small512-mixed-compressed pair=11 phase=measured order=after,before
PAIR_DONE case=small512-mixed-compressed pair=12 phase=measured order=before,after
PAIR_DONE case=small512-mixed-compressed pair=13 phase=measured order=after,before
PAIR_DONE case=small512-mixed-compressed pair=14 phase=measured order=before,after
PAIR_DONE case=small512-mixed-compressed pair=15 phase=measured order=after,before
PAIR_DONE case=small512-mixed-compressed pair=16 phase=measured order=before,after
PAIR_DONE case=small512-mixed-compressed pair=17 phase=measured order=after,before
PAIR_DONE case=small512-mixed-compressed pair=18 phase=measured order=before,after
PAIR_DONE case=small512-mixed-compressed pair=19 phase=measured order=after,before
PAIR_DONE case=small512-mixed-compressed pair=20 phase=measured order=before,after
PAIR_DONE case=small512-mixed-compressed pair=21 phase=measured order=after,before
PAIR_DONE case=small512-mixed-compressed pair=22 phase=measured order=before,after
PAIR_DONE case=small512-mixed-compressed pair=23 phase=measured order=after,before
PAIR_DONE case=small512-mixed-compressed pair=24 phase=measured order=before,after
PAIR_DONE case=small512-mixed-compressed pair=25 phase=measured order=after,before
PAIR_DONE case=small512-mixed-compressed pair=26 phase=measured order=before,after
PAIR_DONE case=small512-mixed-compressed pair=27 phase=measured order=after,before
PAIR_DONE case=small512-mixed-compressed pair=28 phase=measured order=before,after
PAIR_DONE case=small512-mixed-compressed pair=29 phase=measured order=after,before
PAIR_DONE case=small512-mixed-compressed pair=30 phase=measured order=before,after
PAIR_DONE case=small512-mixed-compressed pair=31 phase=measured order=after,before
PAIR_DONE case=small512-mixed-compressed pair=32 phase=measured order=before,after
PAIR_DONE case=raw8m-random pair=0 phase=warmup order=before,after
PAIR_DONE case=raw8m-random pair=1 phase=warmup order=after,before
PAIR_DONE case=raw8m-random pair=2 phase=warmup order=before,after
PAIR_DONE case=raw8m-random pair=3 phase=measured order=after,before
PAIR_DONE case=raw8m-random pair=4 phase=measured order=before,after
PAIR_DONE case=raw8m-random pair=5 phase=measured order=after,before
PAIR_DONE case=raw8m-random pair=6 phase=measured order=before,after
PAIR_DONE case=raw8m-random pair=7 phase=measured order=after,before
PAIR_DONE case=raw8m-random pair=8 phase=measured order=before,after
PAIR_DONE case=raw8m-random pair=9 phase=measured order=after,before
PAIR_DONE case=raw8m-random pair=10 phase=measured order=before,after
PAIR_DONE case=raw8m-random pair=11 phase=measured order=after,before
PAIR_DONE case=raw8m-random pair=12 phase=measured order=before,after
PAIR_DONE case=raw8m-random pair=13 phase=measured order=after,before
PAIR_DONE case=raw8m-random pair=14 phase=measured order=before,after
PAIR_DONE case=raw8m-random pair=15 phase=measured order=after,before
PAIR_DONE case=raw8m-random pair=16 phase=measured order=before,after
PAIR_DONE case=raw8m-random pair=17 phase=measured order=after,before
PAIR_DONE case=raw8m-random pair=18 phase=measured order=before,after
PAIR_DONE case=raw8m-random pair=19 phase=measured order=after,before
PAIR_DONE case=raw8m-random pair=20 phase=measured order=before,after
PAIR_DONE case=raw8m-random pair=21 phase=measured order=after,before
PAIR_DONE case=raw8m-random pair=22 phase=measured order=before,after
PAIR_DONE case=raw8m-random pair=23 phase=measured order=after,before
PAIR_DONE case=raw8m-random pair=24 phase=measured order=before,after
PAIR_DONE case=raw8m-random pair=25 phase=measured order=after,before
PAIR_DONE case=raw8m-random pair=26 phase=measured order=before,after
PAIR_DONE case=raw8m-random pair=27 phase=measured order=after,before
PAIR_DONE case=raw8m-random pair=28 phase=measured order=before,after
PAIR_DONE case=raw8m-random pair=29 phase=measured order=after,before
PAIR_DONE case=raw8m-random pair=30 phase=measured order=before,after
PAIR_DONE case=raw8m-random pair=31 phase=measured order=after,before
PAIR_DONE case=raw8m-random pair=32 phase=measured order=before,after
PAIR_DONE case=compressed8m-pattern pair=0 phase=warmup order=before,after
PAIR_DONE case=compressed8m-pattern pair=1 phase=warmup order=after,before
PAIR_DONE case=compressed8m-pattern pair=2 phase=warmup order=before,after
PAIR_DONE case=compressed8m-pattern pair=3 phase=measured order=after,before
PAIR_DONE case=compressed8m-pattern pair=4 phase=measured order=before,after
PAIR_DONE case=compressed8m-pattern pair=5 phase=measured order=after,before
PAIR_DONE case=compressed8m-pattern pair=6 phase=measured order=before,after
PAIR_DONE case=compressed8m-pattern pair=7 phase=measured order=after,before
PAIR_DONE case=compressed8m-pattern pair=8 phase=measured order=before,after
PAIR_DONE case=compressed8m-pattern pair=9 phase=measured order=after,before
PAIR_DONE case=compressed8m-pattern pair=10 phase=measured order=before,after
PAIR_DONE case=compressed8m-pattern pair=11 phase=measured order=after,before
PAIR_DONE case=compressed8m-pattern pair=12 phase=measured order=before,after
PAIR_DONE case=compressed8m-pattern pair=13 phase=measured order=after,before
PAIR_DONE case=compressed8m-pattern pair=14 phase=measured order=before,after
PAIR_DONE case=compressed8m-pattern pair=15 phase=measured order=after,before
PAIR_DONE case=compressed8m-pattern pair=16 phase=measured order=before,after
PAIR_DONE case=compressed8m-pattern pair=17 phase=measured order=after,before
PAIR_DONE case=compressed8m-pattern pair=18 phase=measured order=before,after
PAIR_DONE case=compressed8m-pattern pair=19 phase=measured order=after,before
PAIR_DONE case=compressed8m-pattern pair=20 phase=measured order=before,after
PAIR_DONE case=compressed8m-pattern pair=21 phase=measured order=after,before
PAIR_DONE case=compressed8m-pattern pair=22 phase=measured order=before,after
PAIR_DONE case=compressed8m-pattern pair=23 phase=measured order=after,before
PAIR_DONE case=compressed8m-pattern pair=24 phase=measured order=before,after
PAIR_DONE case=compressed8m-pattern pair=25 phase=measured order=after,before
PAIR_DONE case=compressed8m-pattern pair=26 phase=measured order=before,after
PAIR_DONE case=compressed8m-pattern pair=27 phase=measured order=after,before
PAIR_DONE case=compressed8m-pattern pair=28 phase=measured order=before,after
PAIR_DONE case=compressed8m-pattern pair=29 phase=measured order=after,before
PAIR_DONE case=compressed8m-pattern pair=30 phase=measured order=before,after
PAIR_DONE case=compressed8m-pattern pair=31 phase=measured order=after,before
PAIR_DONE case=compressed8m-pattern pair=32 phase=measured order=before,after
PAIR_DONE case=raw64m-random pair=0 phase=warmup order=before,after
PAIR_DONE case=raw64m-random pair=1 phase=warmup order=after,before
PAIR_DONE case=raw64m-random pair=2 phase=warmup order=before,after
PAIR_DONE case=raw64m-random pair=3 phase=measured order=after,before
PAIR_DONE case=raw64m-random pair=4 phase=measured order=before,after
PAIR_DONE case=raw64m-random pair=5 phase=measured order=after,before
PAIR_DONE case=raw64m-random pair=6 phase=measured order=before,after
PAIR_DONE case=raw64m-random pair=7 phase=measured order=after,before
PAIR_DONE case=raw64m-random pair=8 phase=measured order=before,after
PAIR_DONE case=raw64m-random pair=9 phase=measured order=after,before
PAIR_DONE case=raw64m-random pair=10 phase=measured order=before,after
PAIR_DONE case=raw64m-random pair=11 phase=measured order=after,before
PAIR_DONE case=raw64m-random pair=12 phase=measured order=before,after
PAIR_DONE case=raw64m-random pair=13 phase=measured order=after,before
PAIR_DONE case=raw64m-random pair=14 phase=measured order=before,after
PAIR_DONE case=raw64m-random pair=15 phase=measured order=after,before
PAIR_DONE case=raw64m-random pair=16 phase=measured order=before,after
PAIR_DONE case=raw64m-random pair=17 phase=measured order=after,before
PAIR_DONE case=raw64m-random pair=18 phase=measured order=before,after
PAIR_DONE case=raw64m-random pair=19 phase=measured order=after,before
PAIR_DONE case=raw64m-random pair=20 phase=measured order=before,after
PAIR_DONE case=raw64m-random pair=21 phase=measured order=after,before
PAIR_DONE case=raw64m-random pair=22 phase=measured order=before,after
PAIR_DONE case=raw64m-random pair=23 phase=measured order=after,before
PAIR_DONE case=raw64m-random pair=24 phase=measured order=before,after
PAIR_DONE case=raw64m-random pair=25 phase=measured order=after,before
PAIR_DONE case=raw64m-random pair=26 phase=measured order=before,after
PAIR_DONE case=raw64m-random pair=27 phase=measured order=after,before
PAIR_DONE case=raw64m-random pair=28 phase=measured order=before,after
PAIR_DONE case=raw64m-random pair=29 phase=measured order=after,before
PAIR_DONE case=raw64m-random pair=30 phase=measured order=before,after
PAIR_DONE case=raw64m-random pair=31 phase=measured order=after,before
PAIR_DONE case=raw64m-random pair=32 phase=measured order=before,after
BATCH_FINISHED stable=true failures=0 report=/tmp/revault-tree-fragment-20261010/paired/summary.json
