	Command being timed: "timeout 900 /home/bsutton/.cache/revault-protected-20261011-bin/revault_lockbox_api_tests --exact file_format::candidate_files::resource_probe::candidate_file_resource_probe --ignored --nocapture"
	User time (seconds): 1.38
	System time (seconds): 1.50
	Percent of CPU this job got: 99%
	Elapsed (wall clock) time (h:mm:ss or m:ss): 0:02.90
	Average shared text size (kbytes): 0
	Average unshared data size (kbytes): 0
	Average stack size (kbytes): 0
	Average total size (kbytes): 0
	Maximum resident set size (kbytes): 10492
	Average resident set size (kbytes): 0
	Major (requiring I/O) page faults: 0
	Minor (reclaiming a frame) page faults: 1333
	Voluntary context switches: 71
	Involuntary context switches: 66
	Swaps: 0
	File system inputs: 2253808
	File system outputs: 2097152
	Socket messages sent: 0
	Socket messages received: 0
	Signals delivered: 0
	Page size (bytes): 4096
	Exit status: 0
	Command being timed: "timeout 930 taskset -c 0,1,2,3,4 /usr/bin/time -v timeout 900 /home/bsutton/.cache/revault-protected-20261011-bin/revault_lockbox_api_tests --exact file_format::candidate_files::resource_probe::candidate_file_resource_probe --ignored --nocapture"
	User time (seconds): 1.38
	System time (seconds): 1.51
	Percent of CPU this job got: 99%
	Elapsed (wall clock) time (h:mm:ss or m:ss): 0:02.91
	Average shared text size (kbytes): 0
	Average unshared data size (kbytes): 0
	Average stack size (kbytes): 0
	Average total size (kbytes): 0
	Maximum resident set size (kbytes): 10492
	Average resident set size (kbytes): 0
	Major (requiring I/O) page faults: 0
	Minor (reclaiming a frame) page faults: 2030
	Voluntary context switches: 76
	Involuntary context switches: 67
	Swaps: 0
	File system inputs: 2253808
	File system outputs: 2097152
	Socket messages sent: 0
	Socket messages received: 0
	Signals delivered: 0
	Page size (bytes): 4096
	Exit status: 0
