    Checking cfg-if v1.0.4
   Compiling libc v0.2.189
    Checking cmov v0.5.4
   Compiling getrandom v0.4.3
    Checking rand_core v0.10.1
    Checking typenum v1.20.1
   Compiling proc-macro2 v1.0.107
   Compiling quote v1.0.47
   Compiling unicode-ident v1.0.24
    Checking const-oid v0.10.2
    Checking zeroize v1.9.0
   Compiling autocfg v1.5.1
    Checking cpufeatures v0.3.1
   Compiling serde_core v1.0.229
   Compiling crossbeam-utils v0.8.23
   Compiling semver v1.0.28
   Compiling zmij v1.0.23
   Compiling zerocopy v0.8.57
   Compiling crossbeam-epoch v0.9.21
    Checking keccak v0.2.2
   Compiling shlex v2.0.1
    Checking ctutils v0.4.2
   Compiling serde v1.0.229
    Checking memchr v2.8.3
   Compiling serde_json v1.0.151
   Compiling rustc_version v0.4.1
   Compiling find-msvc-tools v0.1.12
   Compiling crossbeam-deque v0.8.8
    Checking either v1.18.0
   Compiling num-traits v0.2.19
   Compiling rayon-core v1.13.0
   Compiling cc v1.4.5
   Compiling crc32fast v1.5.1
    Checking subtle v2.6.1
    Checking base64ct v1.8.3
   Compiling thiserror v2.0.20
    Checking itoa v1.0.18
   Compiling curve25519-dalek v5.0.0
    Checking plotters-backend v0.3.7
    Checking sponge-cursor v0.1.0
    Checking ciborium-io v0.2.2
    Checking clap_lex v1.1.0
    Checking regex-syntax v0.8.11
    Checking anstyle v1.0.14
    Checking tinyvec_macros v0.1.1
    Checking itertools v0.13.0
    Checking log v0.4.34
    Checking plotters-svg v0.3.7
    Checking tinyvec v1.13.2
    Checking hybrid-array v0.4.15
    Checking clap_builder v4.6.6
    Checking cast v0.3.0
    Checking hashbrown v0.17.1
    Checking bumpalo v3.20.3
    Checking simd-adler32 v0.3.10
   Compiling syn v2.0.119
   Compiling syn v3.0.5
    Checking same-file v1.0.6
    Checking zlib-rs v0.6.7
    Checking twox-hash v2.1.4
    Checking equivalent v1.0.2
    Checking plotters v0.3.7
    Checking page_size v0.6.0
    Checking zstd-complete v0.2.0 (/tmp/revault-typed-read-20261002/source/rust/vendor/zstd-complete)
    Checking walkdir v2.5.0
    Checking phc v0.6.1
    Checking indexmap v2.14.2
    Checking revault_page_api v0.0.34 (/tmp/revault-typed-read-20261002/source/rust/revault_page_api)
    Checking rayon v1.12.0
    Checking password-hash v0.6.1
    Checking regex-automata v0.4.18
    Checking zopfli v0.8.3
    Checking crypto-common v0.2.2
    Checking block-buffer v0.12.1
    Checking inout v0.2.2
    Checking module-lattice v0.2.3
    Checking unicode-normalization v0.1.25
    Checking typed-path v0.12.3
    Checking criterion-plot v0.8.2
   Compiling alloca v0.4.0
    Checking anes v0.1.6
    Checking oorandom v11.1.5
    Checking flate2 v1.1.10
    Checking clap v4.6.6
    Checking der v0.8.2
    Checking digest v0.11.3
    Checking cipher v0.5.2
    Checking universal-hash v0.6.1
    Checking aead v0.6.1
    Checking kem v0.3.0
    Checking poly1305 v0.9.1
    Checking signature v3.0.0
    Checking sha2 v0.11.0
    Checking shake v0.1.0
    Checking sha3 v0.11.0
    Checking blake2 v0.11.0
    Checking hmac v0.13.0
    Checking ed25519 v3.0.0
    Checking chacha20 v0.10.2
    Checking hkdf v0.13.0
    Checking argon2 v0.6.0
    Checking regex v1.13.1
    Checking chacha20poly1305 v0.11.0
    Checking zip v8.6.0
    Checking ml-kem v0.3.2
   Compiling serde_derive v1.0.229
   Compiling thiserror-impl v2.0.20
    Checking spki v0.8.0
    Checking pkcs8 v0.11.0
    Checking ml-dsa v0.1.1
   Compiling zerocopy-derive v0.8.57
   Compiling curve25519-dalek-derive v0.1.1
    Checking oxiarc-core v0.4.1
    Checking oxiarc-zstd v0.4.1
    Checking x25519-dalek v3.0.0
    Checking ed25519-dalek v3.0.0
    Checking revault_lockbox_api v0.0.41 (/tmp/revault-typed-read-20261002/source/rust/revault_lockbox_api)
    Checking tinytemplate v1.2.1
    Checking half v2.7.1
    Checking ciborium-ll v0.2.2
    Checking ciborium v0.2.2
error: manual implementation of `.is_multiple_of()`
   --> revault_lockbox_api/src/external_source.rs:543:16
    |
543 |             || offset % self.block_bytes as u64 != 0
    |                ^^^^^^^^^^^^^^^^^^^^^^^^^^^^^^^^^^^^^ help: replace with: `!offset.is_multiple_of(self.block_bytes as u64)`
    |
    = help: for further information visit https://rust-lang.github.io/rust-clippy/rust-1.94.0/index.html#manual_is_multiple_of
    = note: `-D clippy::manual-is-multiple-of` implied by `-D warnings`
    = help: to override `-D warnings` add `#[allow(clippy::manual_is_multiple_of)]`

    Checking criterion v0.8.2
error: could not compile `revault_lockbox_api` (lib) due to 1 previous error
warning: build failed, waiting for other jobs to finish...
error: manual implementation of `.is_multiple_of()`
   --> revault_lockbox_api/src/file_format/indexed_frame.rs:465:16
    |
465 |             || range.start % BLOCK_BYTES as u64 != 0
    |                ^^^^^^^^^^^^^^^^^^^^^^^^^^^^^^^^^^^^^ help: replace with: `!range.start.is_multiple_of(BLOCK_BYTES as u64)`
    |
    = help: for further information visit https://rust-lang.github.io/rust-clippy/rust-1.94.0/index.html#manual_is_multiple_of

error: manual implementation of `.is_multiple_of()`
   --> revault_lockbox_api/src/file_format/indexed_frame.rs:466:17
    |
466 |             || (range.end % BLOCK_BYTES as u64 != 0 && range.end != self.descriptor.logical_len)
    |                 ^^^^^^^^^^^^^^^^^^^^^^^^^^^^^^^^^^^ help: replace with: `!range.end.is_multiple_of(BLOCK_BYTES as u64)`
    |
    = help: for further information visit https://rust-lang.github.io/rust-clippy/rust-1.94.0/index.html#manual_is_multiple_of

error: manual implementation of `.is_multiple_of()`
  --> revault_lockbox_api/src/file_format/preparation_journal/compact.rs:30:12
   |
30 |         || reference.primary % FAILURE_REGION != 0
   |            ^^^^^^^^^^^^^^^^^^^^^^^^^^^^^^^^^^^^^^^ help: replace with: `!reference.primary.is_multiple_of(FAILURE_REGION)`
   |
   = help: for further information visit https://rust-lang.github.io/rust-clippy/rust-1.94.0/index.html#manual_is_multiple_of

error: manual implementation of `.is_multiple_of()`
  --> revault_lockbox_api/src/file_format/preparation_journal/compact.rs:31:12
   |
31 |         || reference.mirror % FAILURE_REGION != 0
   |            ^^^^^^^^^^^^^^^^^^^^^^^^^^^^^^^^^^^^^^ help: replace with: `!reference.mirror.is_multiple_of(FAILURE_REGION)`
   |
   = help: for further information visit https://rust-lang.github.io/rust-clippy/rust-1.94.0/index.html#manual_is_multiple_of

error: manual implementation of `.is_multiple_of()`
   --> revault_lockbox_api/src/file_format/allocation_map.rs:753:12
    |
753 |         if self.arena.start % FAILURE_REGION != 0 || self.arena.len <= FAILURE_REGION {
    |            ^^^^^^^^^^^^^^^^^^^^^^^^^^^^^^^^^^^^^^ help: replace with: `!self.arena.start.is_multiple_of(FAILURE_REGION)`
    |
    = help: for further information visit https://rust-lang.github.io/rust-clippy/rust-1.94.0/index.html#manual_is_multiple_of

error: manual implementation of `.is_multiple_of()`
   --> revault_lockbox_api/src/file_format/allocation_map.rs:761:16
    |
761 |             if self.arena.len % (2 * FAILURE_REGION) != 0 { return Err(Error::CorruptRecord); }
    |                ^^^^^^^^^^^^^^^^^^^^^^^^^^^^^^^^^^^^^^^^^^ help: replace with: `!self.arena.len.is_multiple_of(2 * FAILURE_REGION)`
    |
    = help: for further information visit https://rust-lang.github.io/rust-clippy/rust-1.94.0/index.html#manual_is_multiple_of

error: could not compile `revault_lockbox_api` (lib test) due to 7 previous errors
