
running 1 test
test file_format::candidate_files::tests::tree_tests::mutation::dense::typed_dense_payload_thousand_cycle_qualification ... TYPED_DENSE_PAYLOAD_AGING mode=12 cycles=1000 warmup_completed_peak=720896 final_bytes=589824
TYPED_DENSE_PAYLOAD_AGING mode=13 cycles=1000 warmup_completed_peak=720896 final_bytes=589824
TYPED_DENSE_PAYLOAD_AGING mode=14 cycles=1000 warmup_completed_peak=720896 final_bytes=589824
TYPED_DENSE_PAYLOAD_AGING mode=15 cycles=1000 warmup_completed_peak=720896 final_bytes=589824
ok

test result: ok. 1 passed; 0 failed; 0 ignored; 0 measured; 569 filtered out; finished in 157.23s

	Command being timed: "timeout --signal=TERM --kill-after=10s 600s /tmp/revault-typed-read-20261002/tree-resource-pinned88 --exact file_format::candidate_files::tests::tree_tests::mutation::dense::typed_dense_payload_thousand_cycle_qualification --ignored --nocapture"
	User time (seconds): 154.78
	System time (seconds): 2.41
	Percent of CPU this job got: 99%
	Elapsed (wall clock) time (h:mm:ss or m:ss): 2:37.23
	Average shared text size (kbytes): 0
	Average unshared data size (kbytes): 0
	Average stack size (kbytes): 0
	Average total size (kbytes): 0
	Maximum resident set size (kbytes): 78712
	Average resident set size (kbytes): 0
	Major (requiring I/O) page faults: 0
	Minor (reclaiming a frame) page faults: 892835
	Voluntary context switches: 10
	Involuntary context switches: 1696
	Swaps: 0
	File system inputs: 0
	File system outputs: 0
	Socket messages sent: 0
	Socket messages received: 0
	Signals delivered: 0
	Page size (bytes): 4096
	Exit status: 0
