
running 1 test
test file_format::candidate_files::tests::tree_tests::mutation::dense::typed_dense_payload_thousand_cycle_qualification ... TYPED_DENSE_PAYLOAD_AGING mode=4 cycles=1000 warmup_completed_peak=262193 final_bytes=262193
TYPED_DENSE_PAYLOAD_AGING mode=5 cycles=1000 warmup_completed_peak=262277 final_bytes=262277
TYPED_DENSE_PAYLOAD_AGING mode=6 cycles=1000 warmup_completed_peak=262193 final_bytes=262193
TYPED_DENSE_PAYLOAD_AGING mode=7 cycles=1000 warmup_completed_peak=262277 final_bytes=262277
ok

test result: ok. 1 passed; 0 failed; 0 ignored; 0 measured; 569 filtered out; finished in 135.00s

	Command being timed: "timeout --signal=TERM --kill-after=10s 600s /tmp/revault-typed-read-20261002/tree-resource-pinned88 --exact file_format::candidate_files::tests::tree_tests::mutation::dense::typed_dense_payload_thousand_cycle_qualification --ignored --nocapture"
	User time (seconds): 134.01
	System time (seconds): 0.95
	Percent of CPU this job got: 99%
	Elapsed (wall clock) time (h:mm:ss or m:ss): 2:15.00
	Average shared text size (kbytes): 0
	Average unshared data size (kbytes): 0
	Average stack size (kbytes): 0
	Average total size (kbytes): 0
	Maximum resident set size (kbytes): 78160
	Average resident set size (kbytes): 0
	Major (requiring I/O) page faults: 0
	Minor (reclaiming a frame) page faults: 76346
	Voluntary context switches: 31
	Involuntary context switches: 1374
	Swaps: 0
	File system inputs: 0
	File system outputs: 0
	Socket messages sent: 0
	Socket messages received: 0
	Signals delivered: 0
	Page size (bytes): 4096
	Exit status: 0
