
running 1 test
test file_format::candidate_files::tests::tree_tests::mutation::dense::typed_dense_payload_thousand_cycle_qualification ... TYPED_DENSE_PAYLOAD_AGING mode=0 cycles=1000 warmup_completed_peak=393216 final_bytes=332152
TYPED_DENSE_PAYLOAD_AGING mode=1 cycles=1000 warmup_completed_peak=395280 final_bytes=332236
TYPED_DENSE_PAYLOAD_AGING mode=2 cycles=1000 warmup_completed_peak=393216 final_bytes=332152
TYPED_DENSE_PAYLOAD_AGING mode=3 cycles=1000 warmup_completed_peak=395280 final_bytes=332236
ok

test result: ok. 1 passed; 0 failed; 0 ignored; 0 measured; 569 filtered out; finished in 122.74s

	Command being timed: "timeout --signal=TERM --kill-after=10s 600s /tmp/revault-typed-read-20261002/tree-resource-pinned88 --exact file_format::candidate_files::tests::tree_tests::mutation::dense::typed_dense_payload_thousand_cycle_qualification --ignored --nocapture"
	User time (seconds): 121.93
	System time (seconds): 0.79
	Percent of CPU this job got: 99%
	Elapsed (wall clock) time (h:mm:ss or m:ss): 2:02.74
	Average shared text size (kbytes): 0
	Average unshared data size (kbytes): 0
	Average stack size (kbytes): 0
	Average total size (kbytes): 0
	Maximum resident set size (kbytes): 78492
	Average resident set size (kbytes): 0
	Major (requiring I/O) page faults: 0
	Minor (reclaiming a frame) page faults: 67789
	Voluntary context switches: 9
	Involuntary context switches: 1210
	Swaps: 0
	File system inputs: 0
	File system outputs: 0
	Socket messages sent: 0
	Socket messages received: 0
	Signals delivered: 0
	Page size (bytes): 4096
	Exit status: 0
