rust/revault_lockbox_api/src/file_format/allocation_map.rs: OK
rust/revault_lockbox_api/src/file_format/allocation_map_tests.rs: OK
rust/revault_lockbox_api/src/file_format/candidate_files.rs: OK
rust/revault_lockbox_api/src/file_format/candidate_files/dense_catalogue.rs: OK
rust/revault_lockbox_api/src/file_format/candidate_files/dense_catalogue/nodes.rs: OK
rust/revault_lockbox_api/src/file_format/candidate_files/dense_catalogue/overflow.rs: OK
rust/revault_lockbox_api/src/file_format/candidate_files/dense_image.rs: OK
rust/revault_lockbox_api/src/file_format/candidate_files/dense_update.rs: OK
rust/revault_lockbox_api/src/file_format/candidate_files/tests.rs: OK
rust/revault_lockbox_api/src/file_format/candidate_files/tests/aging.rs: OK
rust/revault_lockbox_api/src/file_format/candidate_files/tests/tree_tests.rs: OK
rust/revault_lockbox_api/src/file_format/candidate_files/tests/tree_tests/mutation.rs: OK
rust/revault_lockbox_api/src/file_format/candidate_files/tests/tree_tests/mutation/dense.rs: OK
rust/revault_lockbox_api/src/file_format/candidate_files/tree_image.rs: OK
rust/revault_lockbox_api/src/file_format/candidate_files/tree_image/mutation.rs: OK
rust/revault_lockbox_api/src/file_format/preparation_journal/compact.rs: OK
rust/revault_lockbox_api/src/file_format/preparation_journal/compact/session.rs: OK
rust/revault_lockbox_api/src/file_format/preparation_journal/compact/tests.rs: OK
rust/revault_lockbox_api/src/file_format/publication_anchor/shared/ownership.rs: OK
rust/revault_lockbox_api/src/file_format/publication_anchor/shared/ownership/tests.rs: OK
rust/revault_lockbox_api/src/file_format/publication_anchor/shared/tree.rs: OK
rust/revault_lockbox_api/src/file_format/publication_anchor/shared/tree/abort.rs: OK
rust/revault_lockbox_api/src/file_format/publication_anchor/shared/tree/commit.rs: OK
rust/revault_lockbox_api/src/file_format/publication_anchor/shared/tree/tests.rs: OK
rust/revault_lockbox_api/src/file_format/publication_anchor/shared/tree/tests/abort.rs: OK
rust/revault_lockbox_api/src/file_format/publication_anchor/shared/tree/tests/abort/commit.rs: OK
rust/revault_lockbox_api/src/file_format/publication_anchor/shared/tree/tests/abort/update.rs: OK
rust/revault_lockbox_api/src/file_format/publication_anchor/shared/tree/update.rs: OK
