	Command being timed: "timeout 900 /tmp/revault-scale-20261010/evidence/bin/archive_evaluation extract-zip /home/bsutton/.cache/revault-performance-20261010-large/scale-v1/raw-random-1gib /home/bsutton/.cache/revault-performance-20261010-large/scale-v1/raw-random-1gib/extract-output/sample-32-zip"
	User time (seconds): 0.10
	System time (seconds): 1.13
	Percent of CPU this job got: 100%
	Elapsed (wall clock) time (h:mm:ss or m:ss): 0:01.23
	Average shared text size (kbytes): 0
	Average unshared data size (kbytes): 0
	Average stack size (kbytes): 0
	Average total size (kbytes): 0
	Maximum resident set size (kbytes): 7956
	Average resident set size (kbytes): 0
	Major (requiring I/O) page faults: 0
	Minor (reclaiming a frame) page faults: 717
	Voluntary context switches: 3
	Involuntary context switches: 20
	Swaps: 0
	File system inputs: 0
	File system outputs: 2097152
	Socket messages sent: 0
	Socket messages received: 0
	Signals delivered: 0
	Page size (bytes): 4096
	Exit status: 0
