	Command being timed: "timeout 900 /tmp/revault-parallel-20261010/bin/revault_lockbox_api_tests --exact file_format::candidate_files::resource_probe::candidate_file_resource_probe --ignored --nocapture"
	User time (seconds): 1.01
	System time (seconds): 2.87
	Percent of CPU this job got: 95%
	Elapsed (wall clock) time (h:mm:ss or m:ss): 0:04.08
	Average shared text size (kbytes): 0
	Average unshared data size (kbytes): 0
	Average stack size (kbytes): 0
	Average total size (kbytes): 0
	Maximum resident set size (kbytes): 12276
	Average resident set size (kbytes): 0
	Major (requiring I/O) page faults: 0
	Minor (reclaiming a frame) page faults: 19436
	Voluntary context switches: 5174
	Involuntary context switches: 12875
	Swaps: 0
	File system inputs: 2122368
	File system outputs: 2230048
	Socket messages sent: 0
	Socket messages received: 0
	Signals delivered: 0
	Page size (bytes): 4096
	Exit status: 0
	Command being timed: "timeout 930 taskset -c 0,1,2,3,4 /usr/bin/time -v timeout 900 /tmp/revault-parallel-20261010/bin/revault_lockbox_api_tests --exact file_format::candidate_files::resource_probe::candidate_file_resource_probe --ignored --nocapture"
	User time (seconds): 1.01
	System time (seconds): 2.88
	Percent of CPU this job got: 95%
	Elapsed (wall clock) time (h:mm:ss or m:ss): 0:04.09
	Average shared text size (kbytes): 0
	Average unshared data size (kbytes): 0
	Average stack size (kbytes): 0
	Average total size (kbytes): 0
	Maximum resident set size (kbytes): 12276
	Average resident set size (kbytes): 0
	Major (requiring I/O) page faults: 0
	Minor (reclaiming a frame) page faults: 20137
	Voluntary context switches: 5179
	Involuntary context switches: 12875
	Swaps: 0
	File system inputs: 2122368
	File system outputs: 2230048
	Socket messages sent: 0
	Socket messages received: 0
	Signals delivered: 0
	Page size (bytes): 4096
	Exit status: 0
