	Command being timed: "timeout 900 /home/bsutton/.cache/revault-protected-20261011-bin/archive_evaluation extract-zip /home/bsutton/.cache/revault-protected-20261011/source-expanded-1gib-compressed-encrypted /home/bsutton/.cache/revault-protected-20261011/source-expanded-1gib-compressed-encrypted/extract-output/protected-recovery/sample-13-zip-attempt02"
	User time (seconds): 1.23
	System time (seconds): 1.30
	Percent of CPU this job got: 99%
	Elapsed (wall clock) time (h:mm:ss or m:ss): 0:02.53
	Average shared text size (kbytes): 0
	Average unshared data size (kbytes): 0
	Average stack size (kbytes): 0
	Average total size (kbytes): 0
	Maximum resident set size (kbytes): 7968
	Average resident set size (kbytes): 0
	Major (requiring I/O) page faults: 0
	Minor (reclaiming a frame) page faults: 727
	Voluntary context switches: 9
	Involuntary context switches: 59
	Swaps: 0
	File system inputs: 356264
	File system outputs: 2097152
	Socket messages sent: 0
	Socket messages received: 0
	Signals delivered: 0
	Page size (bytes): 4096
	Exit status: 0
	Command being timed: "timeout 930 taskset -c 0,1,2,3,4 /usr/bin/time -v timeout 900 /home/bsutton/.cache/revault-protected-20261011-bin/archive_evaluation extract-zip /home/bsutton/.cache/revault-protected-20261011/source-expanded-1gib-compressed-encrypted /home/bsutton/.cache/revault-protected-20261011/source-expanded-1gib-compressed-encrypted/extract-output/protected-recovery/sample-13-zip-attempt02"
	User time (seconds): 1.23
	System time (seconds): 1.30
	Percent of CPU this job got: 99%
	Elapsed (wall clock) time (h:mm:ss or m:ss): 0:02.54
	Average shared text size (kbytes): 0
	Average unshared data size (kbytes): 0
	Average stack size (kbytes): 0
	Average total size (kbytes): 0
	Maximum resident set size (kbytes): 7968
	Average resident set size (kbytes): 0
	Major (requiring I/O) page faults: 0
	Minor (reclaiming a frame) page faults: 1424
	Voluntary context switches: 14
	Involuntary context switches: 60
	Swaps: 0
	File system inputs: 356264
	File system outputs: 2097152
	Socket messages sent: 0
	Socket messages received: 0
	Signals delivered: 0
	Page size (bytes): 4096
	Exit status: 0
