   Compiling proc-macro2 v1.0.106
   Compiling libc v0.2.186
   Compiling quote v1.0.45
   Compiling zerocopy v0.8.49
   Compiling shlex v1.3.0
   Compiling find-msvc-tools v0.1.9
   Compiling crossbeam-utils v0.8.21
   Compiling serde_core v1.0.228
   Compiling pkg-config v0.3.33
   Compiling serde v1.0.228
   Compiling zmij v1.0.21
   Compiling either v1.16.0
   Compiling serde_json v1.0.150
   Compiling regex-syntax v0.8.10
   Compiling memchr v2.8.1
   Compiling zstd-safe v7.2.4
   Compiling clap_builder v4.6.0
   Compiling itertools v0.10.5
   Compiling once_cell v1.21.4
   Compiling twox-hash v2.1.2
   Compiling zstd-complete v0.2.0 (/tmp/revault-typed-read-20261002/source/rust/vendor/zstd-complete)
   Compiling crossbeam-epoch v0.9.18
   Compiling crossbeam-deque v0.8.6
   Compiling syn v2.0.117
   Compiling regex-automata v0.4.14
   Compiling rayon-core v1.13.0
   Compiling criterion-plot v0.5.0
   Compiling jobserver v0.1.34
   Compiling getrandom v0.2.17
   Compiling is-terminal v0.4.17
   Compiling rayon v1.12.0
   Compiling rand_core v0.6.4
   Compiling cc v1.2.62
   Compiling clap v4.6.1
   Compiling regex v1.12.3
   Compiling zstd-sys v2.0.16+zstd.1.5.7
   Compiling zerocopy-derive v0.8.49
   Compiling serde_derive v1.0.228
   Compiling zstd v0.13.3
   Compiling tinytemplate v1.2.1
   Compiling half v2.7.1
   Compiling ppv-lite86 v0.2.21
   Compiling ciborium-ll v0.2.2
   Compiling rand_chacha v0.3.1
   Compiling ciborium v0.2.2
   Compiling rand v0.8.6
   Compiling criterion v0.5.1
error: couldn't read `tests/../dict_tests/dictionary`: No such file or directory (os error 2)
   --> tests/workspaces.rs:395:22
    |
395 |     let dictionary = include_bytes!("../dict_tests/dictionary");
    |                      ^^^^^^^^^^^^^^^^^^^^^^^^^^^^^^^^^^^^^^^^^^

error: couldn't read `tests/../dict_tests/files/debug-shell.service.zst`: No such file or directory (os error 2)
   --> tests/workspaces.rs:396:19
    |
396 |     let encoded = include_bytes!("../dict_tests/files/debug-shell.service.zst");
    |                   ^^^^^^^^^^^^^^^^^^^^^^^^^^^^^^^^^^^^^^^^^^^^^^^^^^^^^^^^^^^^^

error: couldn't read `tests/../dict_tests/files/debug-shell.service`: No such file or directory (os error 2)
   --> tests/workspaces.rs:397:20
    |
397 |     let expected = include_bytes!("../dict_tests/files/debug-shell.service");
    |                    ^^^^^^^^^^^^^^^^^^^^^^^^^^^^^^^^^^^^^^^^^^^^^^^^^^^^^^^^^

error: could not compile `zstd-complete` (test "workspaces") due to 3 previous errors
